2026-06-01 16:19:02,091 - EmailSender - INFO - ============================================================
2026-06-01 16:19:02,091 - EmailSender - INFO - DÉBUT DE L'ENVOI DES RAPPORTS QUOTIDIENS
2026-06-01 16:19:02,091 - EmailSender - INFO - Date: 2026-06-01 16:19:02
2026-06-01 16:19:02,091 - EmailSender - INFO - Extraction des données...
2026-06-01 16:19:02,382 - EmailSender - INFO - Connexion SQL Server réussie
2026-06-01 16:19:03,860 - EmailSender - INFO - Credits débloqués: 0 lignes
2026-06-01 16:19:03,861 - EmailSender - INFO - Connexion SQL Server réussie
2026-06-01 16:19:05,169 - EmailSender - INFO - Nouveaux clients: 0 lignes
2026-06-01 16:19:05,170 - EmailSender - INFO - Connexion SQL Server réussie
2026-06-01 16:19:05,330 - EmailSender - INFO - Comptes ouverts: 0 lignes
2026-06-01 16:19:05,330 - EmailSender - INFO - Connexion SQL Server réussie
2026-06-01 16:19:12,320 - EmailSender - INFO - Crédits impayés: 1190 lignes
2026-06-01 16:19:12,320 - EmailSender - INFO - Connexion SQL Server réussie
2026-06-01 16:19:18,802 - EmailSender - INFO - Clients actifs: 673 lignes
2026-06-01 16:19:18,802 - EmailSender - INFO - Connexion SQL Server réussie
2026-06-01 16:19:19,760 - EmailSender - INFO - Parts sociales: 500 lignes
2026-06-01 16:19:19,761 - EmailSender - INFO - Connexion SQL Server réussie
2026-06-01 16:19:25,738 - EmailSender - INFO - Échéances futures: 183 lignes
2026-06-01 16:19:25,739 - EmailSender - INFO - Connexion SQL Server réussie
2026-06-01 16:19:31,705 - EmailSender - INFO - Remboursements: 81 lignes
2026-06-01 16:19:31,706 - EmailSender - INFO - Connexion SQL Server réussie
2026-06-01 16:19:46,807 - EmailSender - INFO - Balance J-1: 84150 comptes
2026-06-01 16:19:46,808 - EmailSender - INFO - Connexion SQL Server réussie
2026-06-01 16:19:46,832 - EmailSender - ERROR - Erreur grand_livre: Execution failed on sql '
        SELECT TOP 5000
            c.NUM_CPTE AS [Numéro Compte],
            c.LIBELLE AS [Libellé],
            h.DATE_OPERATION AS [Date],
            h.LIBELLE_OPERATION AS [Libellé opération],
            h.NUM_PIECE AS [N° Pièce],
            CASE WHEN h.SENS = 'D' THEN h.MONTANT_OPERATION ELSE 0 END AS [Débit],
            CASE WHEN h.SENS = 'C' THEN h.MONTANT_OPERATION ELSE 0 END AS [Crédit]
        FROM COMPTES c
        LEFT JOIN HDPM h ON c.ID = h.ID_COMPTE
        WHERE h.DATE_OPERATION IS NOT NULL
          
        ORDER BY h.DATE_OPERATION DESC, c.NUM_CPTE
        ': ('42S22', "[42S22] [Microsoft][ODBC SQL Server Driver][SQL Server]Invalid column name 'LIBELLE_OPERATION'. (207) (SQLExecDirectW); [42S22] [Microsoft][ODBC SQL Server Driver][SQL Server]Invalid column name 'NUM_PIECE'. (207)")
2026-06-01 16:20:13,954 - EmailSender - INFO - Email envoyé à 2 destinataires
2026-06-01 16:20:18,813 - EmailSender - INFO - Email envoyé à 2 destinataires
2026-06-01 16:20:23,926 - EmailSender - INFO - Email envoyé à 2 destinataires
2026-06-01 16:20:41,520 - EmailSender - INFO - Email envoyé à 2 destinataires
2026-06-01 16:20:41,521 - EmailSender - INFO - ========================================
2026-06-01 16:20:41,521 - EmailSender - INFO - RÉCAPITULATIF:
2026-06-01 16:20:41,522 - EmailSender - INFO -    Finance: ✅ SUCCÈS
2026-06-01 16:20:41,522 - EmailSender - INFO -    Exploitation: ✅ SUCCÈS
2026-06-01 16:20:41,522 - EmailSender - INFO -    Credit: ✅ SUCCÈS
2026-06-01 16:20:41,523 - EmailSender - INFO -    Audit: ✅ SUCCÈS
2026-06-01 16:20:41,523 - EmailSender - INFO - ========================================
